// Vitest Snapshot v1, https://vitest.dev/guide/snapshot.html

exports[`Header Component > deve corresponder ao snapshot 1`] = `undefined`;
