// Vitest Snapshot v1, https://vitest.dev/guide/snapshot.html

exports[`UsersTable Component > deve corresponder ao snapshot 1`] = `
.c0 {
  margin-top: 1rem;
  overflow-x: auto;
}

.c1 {
  width: 100%;
}

.c1 .ant-table {
  width: 100%;
  min-width: 600px;
}

.c1 .ant-table-thead>tr>th {
  border: none!important;
  border-bottom: 1px solid #d9d9d9!important;
}

.c1 .ant-table-thead>tr>th::before,
.c1 .ant-table-thead>tr>th::after {
  display: none!important;
  content: none!important;
}

.c1 .ant-table-column-sorters {
  border: none!important;
  background: transparent!important;
  box-shadow: none!important;
}

.c1 .ant-table-thead>tr>th.gray-bg {
  background-color: #f0f0f0!important;
}

.c1 .ant-table-thead>tr>th.gray-bg:hover,
.c1 .ant-table-thead>tr>th.gray-bg.ant-table-column-sort {
  background-color: #f0f0f0!important;
}

@media (max-width: 768px) {
  .c1 .ant-table-thead>tr>th {
    font-size: 14px;
    padding: 8px;
  }
}

<div>
  <div
    class="c0"
  >
    <div
      class="ant-table-wrapper c1 css-dev-only-do-not-override-tjsggz"
    >
      <div
        class="ant-spin-nested-loading css-dev-only-do-not-override-tjsggz"
      >
        <div
          class="ant-spin-container"
        >
          <div
            class="ant-table css-dev-only-do-not-override-tjsggz"
          >
            <div
              class="ant-table-container"
            >
              <div
                class="ant-table-content"
              >
                <table
                  style="table-layout: auto;"
                >
                  <colgroup>
                    <col
                      style="width: 5%;"
                    />
                    <col
                      style="width: 30%;"
                    />
                    <col
                      style="width: 25%;"
                    />
                    <col
                      style="width: 20%;"
                    />
                  </colgroup>
                  <thead
                    class="ant-table-thead"
                  >
                    <tr>
                      <th
                        class="ant-table-cell"
                        scope="col"
                      >
                        ID
                      </th>
                      <th
                        aria-label="Nome completo"
                        class="ant-table-cell gray-bg ant-table-column-has-sorters"
                        scope="col"
                        tabindex="0"
                      >
                        <div
                          aria-describedby="test-id"
                          class="ant-table-column-sorters"
                        >
                          <span
                            class="ant-table-column-title"
                          >
                            Nome completo
                          </span>
                          <span
                            class="ant-table-column-sorter ant-table-column-sorter-full"
                          >
                            <span
                              aria-hidden="true"
                              class="ant-table-column-sorter-inner"
                            >
                              <span
                                aria-label="caret-up"
                                class="anticon anticon-caret-up ant-table-column-sorter-up"
                                role="img"
                              >
                                <svg
                                  aria-hidden="true"
                                  data-icon="caret-up"
                                  fill="currentColor"
                                  focusable="false"
                                  height="1em"
                                  viewBox="0 0 1024 1024"
                                  width="1em"
                                >
                                  <path
                                    d="M858.9 689L530.5 308.2c-9.4-10.9-27.5-10.9-37 0L165.1 689c-12.2 14.2-1.2 35 18.5 35h656.8c19.7 0 30.7-20.8 18.5-35z"
                                  />
                                </svg>
                              </span>
                              <span
                                aria-label="caret-down"
                                class="anticon anticon-caret-down ant-table-column-sorter-down"
                                role="img"
                              >
                                <svg
                                  aria-hidden="true"
                                  data-icon="caret-down"
                                  fill="currentColor"
                                  focusable="false"
                                  height="1em"
                                  viewBox="0 0 1024 1024"
                                  width="1em"
                                >
                                  <path
                                    d="M840.4 300H183.6c-19.7 0-30.7 20.8-18.5 35l328.4 380.8c9.4 10.9 27.5 10.9 37 0L858.9 335c12.2-14.2 1.2-35-18.5-35z"
                                  />
                                </svg>
                              </span>
                            </span>
                          </span>
                        </div>
                      </th>
                      <th
                        aria-label="E-mail"
                        class="ant-table-cell gray-bg ant-table-column-has-sorters"
                        scope="col"
                        tabindex="0"
                      >
                        <div
                          aria-describedby="test-id"
                          class="ant-table-column-sorters"
                        >
                          <span
                            class="ant-table-column-title"
                          >
                            E-mail
                          </span>
                          <span
                            class="ant-table-column-sorter ant-table-column-sorter-full"
                          >
                            <span
                              aria-hidden="true"
                              class="ant-table-column-sorter-inner"
                            >
                              <span
                                aria-label="caret-up"
                                class="anticon anticon-caret-up ant-table-column-sorter-up"
                                role="img"
                              >
                                <svg
                                  aria-hidden="true"
                                  data-icon="caret-up"
                                  fill="currentColor"
                                  focusable="false"
                                  height="1em"
                                  viewBox="0 0 1024 1024"
                                  width="1em"
                                >
                                  <path
                                    d="M858.9 689L530.5 308.2c-9.4-10.9-27.5-10.9-37 0L165.1 689c-12.2 14.2-1.2 35 18.5 35h656.8c19.7 0 30.7-20.8 18.5-35z"
                                  />
                                </svg>
                              </span>
                              <span
                                aria-label="caret-down"
                                class="anticon anticon-caret-down ant-table-column-sorter-down"
                                role="img"
                              >
                                <svg
                                  aria-hidden="true"
                                  data-icon="caret-down"
                                  fill="currentColor"
                                  focusable="false"
                                  height="1em"
                                  viewBox="0 0 1024 1024"
                                  width="1em"
                                >
                                  <path
                                    d="M840.4 300H183.6c-19.7 0-30.7 20.8-18.5 35l328.4 380.8c9.4 10.9 27.5 10.9 37 0L858.9 335c12.2-14.2 1.2-35-18.5-35z"
                                  />
                                </svg>
                              </span>
                            </span>
                          </span>
                        </div>
                      </th>
                      <th
                        class="ant-table-cell"
                        scope="col"
                      >
                        Ações
                      </th>
                    </tr>
                  </thead>
                  <tbody
                    class="ant-table-tbody"
                  >
                    <tr
                      class="ant-table-row ant-table-row-level-0"
                      data-row-key="1"
                    >
                      <td
                        class="ant-table-cell"
                      >
                        1
                      </td>
                      <td
                        class="ant-table-cell gray-bg"
                      >
                        <div
                          class="ant-space css-dev-only-do-not-override-tjsggz ant-space-horizontal ant-space-align-center ant-space-gap-row-small ant-space-gap-col-small"
                        >
                          <div
                            class="ant-space-item"
                          >
                            <span
                              class="ant-avatar ant-avatar-circle ant-avatar-image css-dev-only-do-not-override-tjsggz"
                            >
                              <img
                                src="https://via.placeholder.com/40"
                              />
                            </span>
                          </div>
                          <div
                            class="ant-space-item"
                          >
                            <span>
                              Maria
                               
                              Silva
                            </span>
                          </div>
                        </div>
                      </td>
                      <td
                        class="ant-table-cell gray-bg"
                      >
                        maria@example.com
                      </td>
                      <td
                        class="ant-table-cell"
                      >
                        <a
                          href="#"
                        >
                          Mais detalhes
                        </a>
                      </td>
                    </tr>
                    <tr
                      class="ant-table-row ant-table-row-level-0"
                      data-row-key="2"
                    >
                      <td
                        class="ant-table-cell"
                      >
                        2
                      </td>
                      <td
                        class="ant-table-cell gray-bg"
                      >
                        <div
                          class="ant-space css-dev-only-do-not-override-tjsggz ant-space-horizontal ant-space-align-center ant-space-gap-row-small ant-space-gap-col-small"
                        >
                          <div
                            class="ant-space-item"
                          >
                            <span
                              class="ant-avatar ant-avatar-circle ant-avatar-image css-dev-only-do-not-override-tjsggz"
                            >
                              <img
                                src="https://via.placeholder.com/40"
                              />
                            </span>
                          </div>
                          <div
                            class="ant-space-item"
                          >
                            <span>
                              João
                               
                              Oliveira
                            </span>
                          </div>
                        </div>
                      </td>
                      <td
                        class="ant-table-cell gray-bg"
                      >
                        joao@example.com
                      </td>
                      <td
                        class="ant-table-cell"
                      >
                        <a
                          href="#"
                        >
                          Mais detalhes
                        </a>
                      </td>
                    </tr>
                  </tbody>
                </table>
              </div>
            </div>
          </div>
        </div>
      </div>
    </div>
  </div>
</div>
`;
